---
http_interactions:
- request:
    method: get
    uri: https://route53.amazonaws.com/2013-04-01/hostedzone
    body:
      encoding: ASCII-8BIT
      string: ''
    headers:
      Content-Type:
      - ''
      Accept-Encoding:
      - ''
      User-Agent:
      - aws-sdk-ruby2/2.1.36 ruby/2.4.0 x86_64-darwin15
      X-Amz-Date:
      - 20170320T125510Z
      Host:
      - route53.amazonaws.com
      X-Amz-Content-Sha256:
      - e3b0c44298fc1c149afbf4c8996fb92427ae41e4649b934ca495991b7852b855
      Authorization:
      - AWS4-HMAC-SHA256 Credential=AKIAIAJEZRSZTE3MXI7Q/20170320/us-east-1/route53/aws4_request,
        SignedHeaders=host;user-agent;x-amz-content-sha256;x-amz-date, Signature=b60a9f41a342a261d8ec7a6673927fd0a025ff39c25c819f1053eb318760ecd2
      Content-Length:
      - '0'
      Accept:
      - "*/*"
  response:
    status:
      code: 200
      message: OK
    headers:
      X-Amzn-Requestid:
      - 73d2bfd8-0d6c-11e7-bfe6-f90f8552091a
      Content-Type:
      - text/xml
      Content-Length:
      - '8513'
      Vary:
      - Accept-Encoding
      Date:
      - Mon, 20 Mar 2017 12:55:10 GMT
    body:
      encoding: UTF-8
      string: |-
        <?xml version="1.0"?>
        <ListHostedZonesResponse xmlns="https://route53.amazonaws.com/doc/2013-04-01/"><HostedZones><HostedZone><Id>/hostedzone/Z21BGVSMXQ6LMH</Id><Name>billetto.be.</Name><CallerReference>ref-349775</CallerReference><Config><PrivateZone>false</PrivateZone></Config><ResourceRecordSetCount>20</ResourceRecordSetCount></HostedZone><HostedZone><Id>/hostedzone/ZLK1GZ29DX8VL</Id><Name>billetto.lv.</Name><CallerReference>ref-156215</CallerReference><Config><PrivateZone>false</PrivateZone></Config><ResourceRecordSetCount>19</ResourceRecordSetCount></HostedZone><HostedZone><Id>/hostedzone/ZU8A70RBZIWV6</Id><Name>billetto.pl.</Name><CallerReference>ref-803164</CallerReference><Config><PrivateZone>false</PrivateZone></Config><ResourceRecordSetCount>20</ResourceRecordSetCount></HostedZone><HostedZone><Id>/hostedzone/Z31MKGVNWWMSYW</Id><Name>billetto.at.</Name><CallerReference>ref-520565</CallerReference><Config><PrivateZone>false</PrivateZone></Config><ResourceRecordSetCount>20</ResourceRecordSetCount></HostedZone><HostedZone><Id>/hostedzone/Z11IFAN8BE06HN</Id><Name>billetto.cz.</Name><CallerReference>ref-913869</CallerReference><Config><PrivateZone>false</PrivateZone></Config><ResourceRecordSetCount>20</ResourceRecordSetCount></HostedZone><HostedZone><Id>/hostedzone/Z1E547T6OWYV5W</Id><Name>billetto.it.</Name><CallerReference>ref-791817</CallerReference><Config><PrivateZone>false</PrivateZone></Config><ResourceRecordSetCount>20</ResourceRecordSetCount></HostedZone><HostedZone><Id>/hostedzone/Z321NYCRLD5KMY</Id><Name>billetto.ch.</Name><CallerReference>ref-117394</CallerReference><Config><PrivateZone>false</PrivateZone></Config><ResourceRecordSetCount>19</ResourceRecordSetCount></HostedZone><HostedZone><Id>/hostedzone/Z3331BU8TEGK0X</Id><Name>billetto.es.</Name><CallerReference>ref-972093</CallerReference><Config><PrivateZone>false</PrivateZone></Config><ResourceRecordSetCount>20</ResourceRecordSetCount></HostedZone><HostedZone><Id>/hostedzone/ZOE3LF626AVSH</Id><Name>billetto.fi.</Name><CallerReference>ref-41096</CallerReference><Config><PrivateZone>false</PrivateZone></Config><ResourceRecordSetCount>20</ResourceRecordSetCount></HostedZone><HostedZone><Id>/hostedzone/Z1JINE9EF8QJZP</Id><Name>billetto.li.</Name><CallerReference>ref-706470</CallerReference><Config><PrivateZone>false</PrivateZone></Config><ResourceRecordSetCount>19</ResourceRecordSetCount></HostedZone><HostedZone><Id>/hostedzone/ZJAYMLORJ97NG</Id><Name>billetto.eu.</Name><CallerReference>ref-615731</CallerReference><Config><PrivateZone>false</PrivateZone></Config><ResourceRecordSetCount>20</ResourceRecordSetCount></HostedZone><HostedZone><Id>/hostedzone/Z3033EPZ4XP5QP</Id><Name>billetto.fr.</Name><CallerReference>ref-283008</CallerReference><Config><PrivateZone>false</PrivateZone></Config><ResourceRecordSetCount>20</ResourceRecordSetCount></HostedZone><HostedZone><Id>/hostedzone/Z18N8275FYTGEW</Id><Name>billetto.nl.</Name><CallerReference>ref-9275</CallerReference><Config><PrivateZone>false</PrivateZone></Config><ResourceRecordSetCount>20</ResourceRecordSetCount></HostedZone><HostedZone><Id>/hostedzone/ZCRCNYDL5RGO6</Id><Name>billetto.us.</Name><CallerReference>RISWorkflow-e21d33fac5c47b221d3b75bf7b648d39</CallerReference><Config><Comment>HostedZone created by Route53 Registrar</Comment><PrivateZone>false</PrivateZone></Config><ResourceRecordSetCount>18</ResourceRecordSetCount></HostedZone><HostedZone><Id>/hostedzone/Z2LNIUA1T91ODS</Id><Name>billetto.co.</Name><CallerReference>RISWorkflow-2cad822e1a722516531443ecf9ccf24b</CallerReference><Config><Comment>HostedZone created by Route53 Registrar</Comment><PrivateZone>false</PrivateZone></Config><ResourceRecordSetCount>18</ResourceRecordSetCount></HostedZone><HostedZone><Id>/hostedzone/Z2ESY1UA5REZEX</Id><Name>billetto.io.</Name><CallerReference>RISWorkflow-1b3a34e25b8bda8fe095e134983a18ff</CallerReference><Config><Comment>HostedZone created by Route53 Registrar</Comment><PrivateZone>false</PrivateZone></Config><ResourceRecordSetCount>18</ResourceRecordSetCount></HostedZone><HostedZone><Id>/hostedzone/ZK78U6XOYJDMS</Id><Name>billetto.com.</Name><CallerReference>4CC8ABCE-FD4E-E1D7-9945-F5F845C321F9</CallerReference><Config><PrivateZone>false</PrivateZone></Config><ResourceRecordSetCount>43</ResourceRecordSetCount></HostedZone><HostedZone><Id>/hostedzone/ZG3NEDB5M69W5</Id><Name>billetto.ie.</Name><CallerReference>74176190-5181-515B-A30A-CA8AF8FF9386</CallerReference><Config><PrivateZone>false</PrivateZone></Config><ResourceRecordSetCount>20</ResourceRecordSetCount></HostedZone><HostedZone><Id>/hostedzone/ZTY1328UU88HP</Id><Name>billetto.org.</Name><CallerReference>ref-505962</CallerReference><Config><PrivateZone>false</PrivateZone></Config><ResourceRecordSetCount>19</ResourceRecordSetCount></HostedZone><HostedZone><Id>/hostedzone/ZMB8M8SL36W8Q</Id><Name>billetto.se.</Name><CallerReference>ref-426327</CallerReference><Config><PrivateZone>false</PrivateZone></Config><ResourceRecordSetCount>20</ResourceRecordSetCount></HostedZone><HostedZone><Id>/hostedzone/Z3QSJYRJI7UJJU</Id><Name>billetto.co.uk.</Name><CallerReference>ref-610580</CallerReference><Config><PrivateZone>false</PrivateZone></Config><ResourceRecordSetCount>21</ResourceRecordSetCount></HostedZone><HostedZone><Id>/hostedzone/ZI6EIXMCWIJ8K</Id><Name>billetto.dk.</Name><CallerReference>ref-128453</CallerReference><Config><PrivateZone>false</PrivateZone></Config><ResourceRecordSetCount>43</ResourceRecordSetCount></HostedZone><HostedZone><Id>/hostedzone/Z3E12SQIZCX0SL</Id><Name>billetto.no.</Name><CallerReference>ref-366826</CallerReference><Config><PrivateZone>false</PrivateZone></Config><ResourceRecordSetCount>19</ResourceRecordSetCount></HostedZone><HostedZone><Id>/hostedzone/Z3RBJ6QBOFIZ1K</Id><Name>es.billetto.com.</Name><CallerReference>EB104DDC-D3DE-208C-9F9B-6C0F638B4D6C</CallerReference><Config><Comment>For our elasticsearch cluster</Comment><PrivateZone>false</PrivateZone></Config><ResourceRecordSetCount>6</ResourceRecordSetCount></HostedZone><HostedZone><Id>/hostedzone/Z2KB0SI502JDZ</Id><Name>billetto.sg.</Name><CallerReference>B50B6187-4D00-8986-AF13-D1F92DEE795E</CallerReference><Config><PrivateZone>false</PrivateZone></Config><ResourceRecordSetCount>19</ResourceRecordSetCount></HostedZone><HostedZone><Id>/hostedzone/Z28X079NFKIEXE</Id><Name>billetto.ae.</Name><CallerReference>4D4CEB0D-B2C7-3450-AFA6-016EE42089CD</CallerReference><Config><PrivateZone>false</PrivateZone></Config><ResourceRecordSetCount>19</ResourceRecordSetCount></HostedZone><HostedZone><Id>/hostedzone/Z79MHT4CVOP25</Id><Name>billetto.my.</Name><CallerReference>8923EE40-2142-296F-8E71-FBD45F9D64DA</CallerReference><Config><PrivateZone>false</PrivateZone></Config><ResourceRecordSetCount>19</ResourceRecordSetCount></HostedZone><HostedZone><Id>/hostedzone/Z3UTYOMIKGKD8G</Id><Name>billetto.co.th.</Name><CallerReference>E0AB37CF-C507-A6AA-86CC-DA32E0075EDA</CallerReference><Config><PrivateZone>false</PrivateZone></Config><ResourceRecordSetCount>2</ResourceRecordSetCount></HostedZone><HostedZone><Id>/hostedzone/Z7G5PB1VD6KFN</Id><Name>billet.to.</Name><CallerReference>FDC67ED8-AD56-35C4-ACBD-6E79CA3574B9</CallerReference><Config><PrivateZone>false</PrivateZone></Config><ResourceRecordSetCount>18</ResourceRecordSetCount></HostedZone><HostedZone><Id>/hostedzone/ZA8NWWA284JZE</Id><Name>billetto.gr.</Name><CallerReference>DD6F4A08-F429-9A6D-B579-2F802AACD6F3</CallerReference><Config><PrivateZone>false</PrivateZone></Config><ResourceRecordSetCount>18</ResourceRecordSetCount></HostedZone><HostedZone><Id>/hostedzone/Z2WKXPTDW4ZU6S</Id><Name>billetto.uk.</Name><CallerReference>6891C912-C0DE-CF25-9BEC-F49F4767DC14</CallerReference><Config><PrivateZone>false</PrivateZone></Config><ResourceRecordSetCount>18</ResourceRecordSetCount></HostedZone><HostedZone><Id>/hostedzone/Z4HIGH63KJI3Y</Id><Name>billetto.me.</Name><CallerReference>RISWorkflow-RD:cd29178c-bcd1-42bc-b721-51333bf964ec</CallerReference><Config><Comment>HostedZone created by Route53 Registrar</Comment><PrivateZone>false</PrivateZone></Config><ResourceRecordSetCount>17</ResourceRecordSetCount></HostedZone><HostedZone><Id>/hostedzone/Z2TAYJZODNBHR7</Id><Name>test.noaccess.billetto.com.</Name><CallerReference>F880172D-021E-9A93-BDC7-170EC13F927A</CallerReference><Config><PrivateZone>false</PrivateZone></Config><ResourceRecordSetCount>5</ResourceRecordSetCount></HostedZone></HostedZones><IsTruncated>false</IsTruncated><MaxItems>100</MaxItems></ListHostedZonesResponse>
    http_version: 
  recorded_at: Mon, 20 Mar 2017 12:55:10 GMT
- request:
    method: get
    uri: https://route53.amazonaws.com/2013-04-01/hostedzone/Z2TAYJZODNBHR7/rrset
    body:
      encoding: ASCII-8BIT
      string: ''
    headers:
      Content-Type:
      - ''
      Accept-Encoding:
      - ''
      User-Agent:
      - aws-sdk-ruby2/2.1.36 ruby/2.4.0 x86_64-darwin15
      X-Amz-Date:
      - 20170320T125510Z
      Host:
      - route53.amazonaws.com
      X-Amz-Content-Sha256:
      - e3b0c44298fc1c149afbf4c8996fb92427ae41e4649b934ca495991b7852b855
      Authorization:
      - AWS4-HMAC-SHA256 Credential=AKIAIAJEZRSZTE3MXI7Q/20170320/us-east-1/route53/aws4_request,
        SignedHeaders=host;user-agent;x-amz-content-sha256;x-amz-date, Signature=13cef40f229041ebb620001016f050c0a562626f8fd7c1cc4e44c4df48d48834
      Content-Length:
      - '0'
      Accept:
      - "*/*"
  response:
    status:
      code: 200
      message: OK
    headers:
      X-Amzn-Requestid:
      - 741b8935-0d6c-11e7-91a1-a3630fb4147a
      Content-Type:
      - text/xml
      Content-Length:
      - '1549'
      Date:
      - Mon, 20 Mar 2017 12:55:11 GMT
    body:
      encoding: UTF-8
      string: |-
        <?xml version="1.0"?>
        <ListResourceRecordSetsResponse xmlns="https://route53.amazonaws.com/doc/2013-04-01/"><ResourceRecordSets><ResourceRecordSet><Name>test.noaccess.billetto.com.</Name><Type>A</Type><TTL>3600</TTL><ResourceRecords><ResourceRecord><Value>127.0.0.1</Value></ResourceRecord></ResourceRecords></ResourceRecordSet><ResourceRecordSet><Name>test.noaccess.billetto.com.</Name><Type>NS</Type><TTL>172800</TTL><ResourceRecords><ResourceRecord><Value>ns-1643.awsdns-13.co.uk.</Value></ResourceRecord><ResourceRecord><Value>ns-991.awsdns-59.net.</Value></ResourceRecord><ResourceRecord><Value>ns-12.awsdns-01.com.</Value></ResourceRecord><ResourceRecord><Value>ns-1227.awsdns-25.org.</Value></ResourceRecord></ResourceRecords></ResourceRecordSet><ResourceRecordSet><Name>test.noaccess.billetto.com.</Name><Type>SOA</Type><TTL>900</TTL><ResourceRecords><ResourceRecord><Value>ns-1643.awsdns-13.co.uk. awsdns-hostmaster.amazon.com. 1 7200 900 1209600 86400</Value></ResourceRecord></ResourceRecords></ResourceRecordSet><ResourceRecordSet><Name>1234.test.noaccess.billetto.com.</Name><Type>A</Type><TTL>3600</TTL><ResourceRecords><ResourceRecord><Value>127.0.0.1</Value></ResourceRecord></ResourceRecords></ResourceRecordSet><ResourceRecordSet><Name>getchange.test.noaccess.billetto.com.</Name><Type>A</Type><TTL>3600</TTL><ResourceRecords><ResourceRecord><Value>127.0.0.1</Value></ResourceRecord></ResourceRecords></ResourceRecordSet></ResourceRecordSets><IsTruncated>false</IsTruncated><MaxItems>100</MaxItems></ListResourceRecordSetsResponse>
    http_version: 
  recorded_at: Mon, 20 Mar 2017 12:55:11 GMT
- request:
    method: post
    uri: https://route53.amazonaws.com/2013-04-01/hostedzone/Z2TAYJZODNBHR7/rrset/
    body:
      encoding: UTF-8
      string: |
        <ChangeResourceRecordSetsRequest xmlns="https://route53.amazonaws.com/doc/2013-04-01/">
          <ChangeBatch>
            <Changes>
              <Change>
                <Action>CREATE</Action>
                <ResourceRecordSet>
                  <Name>kasp.noaccess.billetto.com.</Name>
                  <Type>A</Type>
                  <TTL>3600</TTL>
                  <ResourceRecords>
                    <ResourceRecord>
                      <Value>127.0.0.1</Value>
                    </ResourceRecord>
                  </ResourceRecords>
                </ResourceRecordSet>
              </Change>
            </Changes>
          </ChangeBatch>
        </ChangeResourceRecordSetsRequest>
    headers:
      Content-Type:
      - ''
      Accept-Encoding:
      - ''
      User-Agent:
      - aws-sdk-ruby2/2.1.36 ruby/2.4.0 x86_64-darwin15
      X-Amz-Date:
      - 20170320T125511Z
      Host:
      - route53.amazonaws.com
      X-Amz-Content-Sha256:
      - dee95460c3a94a71b38e138bc9b55a72d36f09203b62286638b665988c8362b3
      Authorization:
      - AWS4-HMAC-SHA256 Credential=AKIAIAJEZRSZTE3MXI7Q/20170320/us-east-1/route53/aws4_request,
        SignedHeaders=host;user-agent;x-amz-content-sha256;x-amz-date, Signature=7836d2ae2a9e722487a6851263cd5ff35f22b746e3d40971031a25e282e731d7
      Content-Length:
      - '562'
      Accept:
      - "*/*"
  response:
    status:
      code: 403
      message: Forbidden
    headers:
      X-Amzn-Requestid:
      - 7462a44d-0d6c-11e7-8e32-559ed56c7b00
      Content-Type:
      - text/xml
      Content-Length:
      - '423'
      Date:
      - Mon, 20 Mar 2017 12:55:11 GMT
    body:
      encoding: UTF-8
      string: |-
        <?xml version="1.0"?>
        <ErrorResponse xmlns="https://route53.amazonaws.com/doc/2013-04-01/"><Error><Type>Sender</Type><Code>AccessDenied</Code><Message>User: arn:aws:iam::851006648695:user/sprinkle-wroclove-test is not authorized to perform: route53:ChangeResourceRecordSets on resource: arn:aws:route53:::hostedzone/Z2TAYJZODNBHR7</Message></Error><RequestId>7462a44d-0d6c-11e7-8e32-559ed56c7b00</RequestId></ErrorResponse>
    http_version: 
  recorded_at: Mon, 20 Mar 2017 12:55:11 GMT
recorded_with: VCR 3.0.3
